00:00 +0: loading C:/Users/user/source/selecter_camera/test/viewmodels/camera_viewmodel_test.dart
00:00 +0 -1: loading C:/Users/user/source/selecter_camera/test/viewmodels/camera_viewmodel_test.dart [E]
  Failed to load "C:/Users/user/source/selecter_camera/test/viewmodels/camera_viewmodel_test.dart":
  Compilation failed for testPath=C:/Users/user/source/selecter_camera/test/viewmodels/camera_viewmodel_test.dart: test/viewmodels/camera_viewmodel_test.dart:31:28: Error: Undefined name 'DeviceOrientation'.
          deviceOrientation: DeviceOrientation.portraitUp,
                             ^^^^^^^^^^^^^^^^^
  test/viewmodels/camera_viewmodel_test.dart:32:35: Error: Undefined name 'DeviceOrientation'.
          lockedCaptureOrientation: DeviceOrientation.portraitUp,
                                    ^^^^^^^^^^^^^^^^^
  test/viewmodels/camera_viewmodel_test.dart:33:31: Error: Undefined name 'DeviceOrientation'.
          recordingOrientation: DeviceOrientation.portraitUp,
                                ^^^^^^^^^^^^^^^^^
  test/viewmodels/camera_viewmodel_test.dart:34:22: Error: Method not found: 'Size'.
          previewSize: Size(1080, 1920),
                       ^^^^
  test/viewmodels/camera_viewmodel_test.dart:23:24: Error: Required named parameter 'isRecordingPaused' must be provided.
        const CameraValue(
                         ^
  ../../AppData/Local/Pub/Cache/hosted/pub.dev/camera-0.11.2+1/lib/src/camera_controller.dart:38:9: Context: Found this candidate, but the arguments don't match.
    const CameraValue({
          ^^^^^^^^^^^
  .
00:00 +0 -1: Some tests failed.
